Turbo Assembler	 Version 4.0	    01/31/21 18:30:03	    Page 1
lab1\main.asm



      1				     ;;	main.asm
      2	0000			     STSEG   SEGMENT PARA STACK	'STACK'
      3	0000  40*(53 54	41 43 4B)			     DB	     64	     DUP ('STACK')
      4	0140			     STSEG   ENDS
      5
      6
      7	0000			     DSEG    SEGMENT PARA PUBLIC 'DATA'
      8	0000  0A 14 1E 28		     SOURCE  DB	     10, 20, 30, 40
      9	0004  04*(3F)			     DEST    DB	     4 DUP ('?')
     10	0008			     DSEG    ENDS
     11
     12
     13	0000			     CSEG    SEGMENT PARA PUBLIC 'CODE'
     14
     15	0000				     MAIN    PROC FAR
     16
     17						     ASSUME	     CS:CSEG, DS:DSEG, SS:STSEG
     18
     19	0000  1E				     PUSH    DS
     20	0001  33 C0				     XOR     AX, AX
     21	0003  50				     PUSH    AX
     22
     23	0004  B8 0000s				     MOV     AX, DSEG
     24	0007  8E D8				     MOV     DS, AX
     25
     26	0009  C6 06 0004r 00			     MOV     DEST, 0
     27	000E  C6 06 0005r 00			     MOV     DEST + 1, 0
     28	0013  C6 06 0006r 00			     MOV     DEST + 2, 0
     29	0018  C6 06 0007r 00			     MOV     DEST + 3, 0
     30
     31	001D  A0 0000r				     MOV     AL, SOURCE
     32	0020  A2 0007r				     MOV     DEST + 3, AL
     33	0023  A0 0001r				     MOV     AL, SOURCE	+ 1
     34	0026  A2 0006r				     MOV     DEST + 2, AL
     35	0029  A0 0002r				     MOV     AL, SOURCE	+ 2
     36	002C  A2 0005r				     MOV     DEST + 1, AL
     37	002F  A0 0003r				     MOV     AL, SOURCE	+ 3
     38	0032  A2 0004r				     MOV     DEST, AL
     39
     40	0035  CB				     RET
     41	0036				     MAIN    ENDP
     42
     43	0036			     CSEG    ENDS
     44				     END     MAIN
Turbo Assembler	 Version 4.0	    01/31/21 18:30:03	    Page 2
Symbol Table




Symbol Name			  Type	 Value

??DATE				  Text	 "01/31/21"
??FILENAME			  Text	 "main	  "
??TIME				  Text	 "18:30:02"
??VERSION			  Number 0400
@CPU				  Text	 0101H
@CURSEG				  Text	 CSEG
@FILENAME			  Text	 MAIN
@WORDSIZE			  Text	 2
DEST				  Byte	 DSEG:0004
MAIN				  Far	 CSEG:0000
SOURCE				  Byte	 DSEG:0000

Groups & Segments		  Bit Size Align  Combine Class

CSEG				  16  0036 Para	  Public  CODE
DSEG				  16  0008 Para	  Public  DATA
STSEG				  16  0140 Para	  Stack	  STACK
